------------------------------------------------------------
Timing Analyzer Summary
------------------------------------------------------------

Type  : Slow 1100mV 85C Model Setup 'CLOCK_50'
Slack : -18.455
TNS   : -324914.194

Type  : Slow 1100mV 85C Model Hold 'CLOCK_50'
Slack : 0.340
TNS   : 0.000

Type  : Slow 1100mV 85C Model Minimum Pulse Width 'CLOCK_50'
Slack : -0.394
TNS   : -18095.916

Type  : Slow 1100mV 0C Model Setup 'CLOCK_50'
Slack : -17.633
TNS   : -307573.382

Type  : Slow 1100mV 0C Model Hold 'CLOCK_50'
Slack : 0.299
TNS   : 0.000

Type  : Slow 1100mV 0C Model Minimum Pulse Width 'CLOCK_50'
Slack : -0.394
TNS   : -19427.687

Type  : Fast 1100mV 85C Model Setup 'CLOCK_50'
Slack : -11.016
TNS   : -200526.746

Type  : Fast 1100mV 85C Model Hold 'CLOCK_50'
Slack : 0.184
TNS   : 0.000

Type  : Fast 1100mV 85C Model Minimum Pulse Width 'CLOCK_50'
Slack : -0.094
TNS   : -2916.689

Type  : Fast 1100mV 0C Model Setup 'CLOCK_50'
Slack : -9.587
TNS   : -171305.710

Type  : Fast 1100mV 0C Model Hold 'CLOCK_50'
Slack : 0.174
TNS   : 0.000

Type  : Fast 1100mV 0C Model Minimum Pulse Width 'CLOCK_50'
Slack : -0.093
TNS   : -2879.633

------------------------------------------------------------
